name: goldens
description: Goldens for AngularDart.
publish_to: none

environment:
  sdk: ">=3.3.0 <4.0.0"

dependencies:
  meta: ^1.11.0
  ngdart: ^8.0.0-dev.4
  web: ^0.5.1

dev_dependencies:
  build_runner: ^2.4.6
  build_web_compilers: ^4.0.4
  dart_style: ^2.3.3
  glob: ^2.1.2
  lints: ^3.0.0
  path: ^1.8.3
