# melos_managed_dependency_overrides: ngast,ngcompiler,ngdart
dependency_overrides:
  ngast:
    path: ../ngast
  ngcompiler:
    path: ../ngcompiler
  ngdart:
    path: ../ngdart
