// **************************************************************************
// Generator: AngularDart Compiler
// **************************************************************************

import 'null_safety.dart';
