// **************************************************************************
// Generator: AngularDart Compiler
// **************************************************************************

import 'html_properties.dart';
